// Jest Snapshot v1, https://goo.gl/fbAQLP

exports[`Search renders correctly 1`] = `
<DocumentFragment>
  <div
    class="search-wrapper"
  >
    <form
      class="search-form"
    >
      <input
        class="search-input"
        placeholder="find your perfect space"
        type="text"
      />
      <button
        class="search-button"
        type="submit"
      >
        SEARCH IMAGES
      </button>
    </form>
  </div>
</DocumentFragment>
`;
